1
[2, 3]
[a, b, c, d]
[1, 2, 3, 4, 5]
[a, b, c, d]
[1, 2, 3]
[3, 4]
