'abc', 'def'
'abc', 'de'
'', 'abc:def'
':abc:def', ''
undef, undef
