[the, quick, brown, fox]
[the, quick, brown, fox]
[the quick brown fox]
[a, b, c, d, e]
[]
[the, quick, brown, fox]
[theaaquickaabrownaafox]
[a, b, c, d, e     f g    h  ]
[     a      b c      d e     f g    h  ]
[abcdef]
[abcdef]
[a b c d e f]
[abcdefghijk]
[a, b, c, d, e, f, g, h]
[a b c d e f g h]
[a, a, abab]
[1 2 3 4 5]
[1, 2 3 4 5]
[1, 2, 3 4 5]
[a b c e d]
[a, b c e d]
[a, b, c e d]
[]
[]
