x is {a: 10, b: 11}
xx is {a: 11, b: 12}
y is [1, 2]
yy is [2, 3]
