[1, a1, b1, c1]
[2, a2, b2, c2]
[3, a3, b3, c3]
[4, a4, b4, c4]
