[{accountName: root, nickname: Cumulus, peerId: QmWV77RTC7cwMPbPBfCbP68JGPt5ta8qPyiCWsUNZsXvpo, groups: [パン:0]}, {accountName: root, nickname: Myself, peerId: QmemJHsMDuBjUCAyiWeVdct2LGHqtZhu8QQCt8ZQVbY1qz, groups: [パン:0]}]
[0x10, 0x20, 0xa, 0x2d]
