true
{2: two, 1: one, 3: three}
{2: two, 1: one, 3: three}
