submodule: math is defined
script: math is defined
