10
G: 10
10
G: 11
11
11
11
3
submodule
11
G: 11
11
G: 12
12
12
12
10
G: 10
10
G: 11
11
11
11
20
