set(A2, A1, D1, B1, B2, B3, C3, C2, D2, D3, C1, A3)
