hex: 0x10, dec: 100, % esc
hex: 0x10, bin: 0b1100100, %
