heap(4, 7, 13, 10, 9, 112, 433, 12, 45, 12, 27, 931)
heap(3, 7, 4, 10, 9, 112, 13, 12, 45, 12, 27, 931, 121, 433, 32, 45, 645, 555, 69)
3
4
7
9
10
12
12
13
27
32
45
45
69
112
121
433
555
645
931
