-9223372036854775808
161
171
-161
151
-162
171
1610
16.1
16
1
164864
0
0
161
171
