true
false
[1, 0, 0, 1, 0, 1, 1, 0]
[true, false, false, true, false, true, true, false]
[true, false, false, true, false, true, true, false]
1
0
