isal:
false
true
isalnum:
false
true
isnum:
false
true
isprint:
true
false
isspace:
false
true
islower:
false
true
isupper:
false
true
