YASL, 0
YA, 1
AAA, 0
BAA, 1
CBCBBABBA, 2
CBCBCBA, 3
BBB, 3
aBBc
