[the, quick, brown, fox]
[the, quick, brown, fox]
[the quick brown fox]
[a, b, c, d, e]
[]
[the, quick, brown, fox]
