'zcfzfwzzqfrljwzlrfnpqdbhtmscgvjw'
'dsaasd\'\'dsadsadsa\'sad\'dsa\'d\'sdad\''
