submodule: args is not defined
script: args is not defined
