[zero, first, second, third]
[zero, 1.5, first, second, third]
[zero, 1.5, first, second, 2.5, third]
