[1, 2, 3, 4, 5]
[2, 3]
[1, 2, 3, 4]
[1, 2, 3, 4, 5]
[a, b, c]
[d, e, f]
[a, b, c, d, e, f]
