[10, 20, 30, 40]
[10, '20', 30, '40']
[0xa, 0x14, 0x1e]
[10, 20, 30, 40]
