true
180.0
0.20788
1.0
true
10.0
true
true
true
48
15360
true
false
true
50.5
50
100.5
50.2
